Microchip MPLAB XC8 Compiler V1.34 ()

Linker command line:

--edf=D:\Program Files (x86)\Microchip\xc8\v1.34\dat\en_msgs.txt -cs \
  -h+dist/default/production\Aeroflighter.production.sym \
  --cmf=dist/default/production\Aeroflighter.production.cmf -z -Q18F46K22 \
  -oC:\Users\ADMINI~1\AppData\Local\Temp\s4e0.6 \
  -Mdist/default/production/Aeroflighter.production.map -E1 -ver=XC8 \
  -ASTACK=085h-0f37h -pstack=STACK -ACODE=00h-0FFFFh -ACONST=00h-0FFFFh \
  -ASMALLCONST=01000h-010FFhx240 -AMEDIUMCONST=01000h-0FFFFh \
  -ACOMRAM=01h-05Fh -AABS1=00h-0F37h -ABIGRAM=01h-0F37h \
  -ARAM=060h-0FFh,0100h-01FFhx14,0F00h-0F37h -ABANK0=060h-0FFh \
  -ABANK1=0100h-01FFh -ABANK2=0200h-02FFh -ABANK3=0300h-03FFh \
  -ABANK4=0400h-04FFh -ABANK5=0500h-05FFh -ABANK6=0600h-06FFh \
  -ABANK7=0700h-07FFh -ABANK8=0800h-08FFh -ABANK9=0900h-09FFh \
  -ABANK10=0A00h-0AFFh -ABANK11=0B00h-0BFFh -ABANK12=0C00h-0CFFh \
  -ABANK13=0D00h-0DFFh -ABANK14=0E00h-0EFFh -ABANK15=0F00h-0F37h \
  -ASFR=0F38h-0F5Fh,0F60h-0FFFh \
  -preset_vec=00h,intcode=08h,intcodelo=018h,powerup,init,end_init \
  -pramtop=01000h -psmallconst=SMALLCONST -pmediumconst=MEDIUMCONST \
  -pconst=CONST -AFARRAM=00h-00h -ACONFIG=0300000h-030000Dh -pconfig=CONFIG \
  -AIDLOC=0200000h-0200007h -pidloc=IDLOC -AEEDATA=0F00000h-0F003FFh \
  -peeprom_data=EEDATA \
  -prdata=COMRAM,nvrram=COMRAM,nvbit=COMRAM,rbss=COMRAM,rbit=COMRAM \
  -pfarbss=FARRAM,fardata=FARRAM,nvFARRAM=FARRAM \
  -pintsave_regs=BIGRAM,bigbss=BIGRAM,bigdata=BIGRAM -pbss=RAM \
  -pidata=CODE,irdata=CODE,ibigdata=CODE,ifardata=CODE -prparam=COMRAM \
  C:\Users\ADMINI~1\AppData\Local\Temp\s4e0.obj \
  dist/default/production\Aeroflighter.production.obj 

Object code version is 3.11

Machine type is 18F46K22

Call graph: (short form)




                Name                               Link     Load   Length Selector   Space Scale
C:\Users\ADMINI~1\AppData\Local\Temp\s4e0.obj
                end_init                             BC       BC        4        C       0
                reset_vec                             0        0        4        0       0
                idloc                            200000   200000        8   200000       0
                config                           300000   300000        E   300000       0
dist/default/production\Aeroflighter.production.obj
                intcodelo                            18       18       A4        C       0
                intcode                               8        8       10        4       0
                text12                              3BE      3BE       1C        C       0
                text11                              3A2      3A2       1C        C       0
                text10                              3DA      3DA       18        C       0
                text9                               2DC      2DC       42        C       0
                text8                               1F8      1F8       98        C       0
                text6                               384      384       1E        C       0
                text5                               290      290       4C        C       0
                text4                               3F2      3F2       14        C       0
                text3                               31E      31E       24        C       0
                text2                               364      364       20        C       0
                text1                               416      416        2        C       0
                text0                               406      406       10        C       0
                cstackCOMRAM                         3D       3D       12        1       1
                cstackBANK0                          74       74       11       60       1
                bssBANK0                             60       60       14       60       1
                bssCOMRAM                             1        1       3C        1       1
                cinit                               342      342       22        C       0
                intcode_body                         C0       C0      138        C       0

TOTAL           Name                               Link     Load   Length     Space
        CLASS   STACK          

        CLASS   CODE           
                end_init                             BC       BC        4         0
                intcodelo                            18       18       A4         0
                intcode                               8        8       10         0
                reset_vec                             0        0        4         0
                text12                              3BE      3BE       1C         0
                text11                              3A2      3A2       1C         0
                text10                              3DA      3DA       18         0
                text9                               2DC      2DC       42         0
                text8                               1F8      1F8       98         0
                text6                               384      384       1E         0
                text5                               290      290       4C         0
                text4                               3F2      3F2       14         0
                text3                               31E      31E       24         0
                text2                               364      364       20         0
                text1                               416      416        2         0
                text0                               406      406       10         0
                cinit                               342      342       22         0
                intcode_body                         C0       C0      138         0

        CLASS   CONST          

        CLASS   SMALLCONST     

        CLASS   MEDIUMCONST    

        CLASS   COMRAM         
                cstackCOMRAM                         3D       3D       12         1
                bssCOMRAM                             1        1       3C         1

        CLASS   ABS1           

        CLASS   BIGRAM         

        CLASS   RAM            

        CLASS   BANK0          
                cstackBANK0                          74       74       11         1
                bssBANK0                             60       60       14         1

        CLASS   BANK1          

        CLASS   BANK2          

        CLASS   BANK3          

        CLASS   BANK4          

        CLASS   BANK5          

        CLASS   BANK6          

        CLASS   BANK7          

        CLASS   BANK8          

        CLASS   BANK9          

        CLASS   BANK10         

        CLASS   BANK11         

        CLASS   BANK12         

        CLASS   BANK13         

        CLASS   BANK14         

        CLASS   BANK15         

        CLASS   SFR            

        CLASS   FARRAM         

        CLASS   CONFIG         
                config                           300000   300000        E         0

        CLASS   IDLOC          
                idloc                            200000   200000        8         0

        CLASS   EEDATA         



SEGMENTS        Name                           Load    Length   Top    Selector   Space  Class

                reset_vec                      000000  000004  000004         0       0  CODE    
                bssCOMRAM                      000001  00004E  00004F         1       1  COMRAM  
                intcode                        000008  000010  000018         4       0  CODE    
                intcodelo                      000018  000400  000418         C       0  CODE    
                bssBANK0                       000060  000025  000085        60       1  BANK0   
                idloc                          200000  000008  200008    200000       0  IDLOC   
                config                         300000  00000E  30000E    300000       0  CONFIG  


UNUSED ADDRESS RANGES

        Name                Unused          Largest block    Delta
        BANK0            000085-0000FF               7B
        BANK1            000100-0001FF              100
        BANK10           000A00-000AFF              100
        BANK11           000B00-000BFF              100
        BANK12           000C00-000CFF              100
        BANK13           000D00-000DFF              100
        BANK14           000E00-000EFF              100
        BANK15           000F00-000F37               38
        BANK2            000200-0002FF              100
        BANK3            000300-0003FF              100
        BANK4            000400-0004FF              100
        BANK5            000500-0005FF              100
        BANK6            000600-0006FF              100
        BANK7            000700-0007FF              100
        BANK8            000800-0008FF              100
        BANK9            000900-0009FF              100
        BIGRAM           00004F-00005F               11
                         000085-000F37              EB3
        CODE             000004-000007                4
                         000418-00FFFF             FBE8
        COMRAM           00004F-00005F               11
        CONST            000004-000007                4
                         000418-00FFFF             FBE8
        EEDATA           F00000-F003FF              400
        MEDIUMCONST      001000-00FFFF             F000
        RAM              000085-000F37              100
        SFR              000F38-000FFF               28
        SMALLCONST       001000-00FFFF              100
        STACK            000085-000F37              EB3

                                  Symbol Table

DRV_usart_putchar@c          cstackCOMRAM 00004C
DRV_usart_rx@data            cstackCOMRAM 00004D
DRV_usart_tx@msg             cstackCOMRAM 00004B
_ANSC3                       (abs)        0079D3
_ANSC4                       (abs)        0079D4
_ANSD6                       (abs)        0079DE
_ANSD7                       (abs)        0079DF
_BAUDCON2                    (abs)        000F70
_CCP1CON                     (abs)        000FBD
_CCP1IE                      (abs)        007CEA
_CCP1IF                      (abs)        007CF2
_CCPR1H                      (abs)        000FBF
_CCPR1L                      (abs)        000FBE
_CCPTMRS0bits                (abs)        000F49
_DRV_I2C_init                text6        000384
_DRV_init                    text2        000364
_DRV_isr_init                text5        000290
_DRV_osc_init                text4        0003F2
_DRV_usart_init              text3        00031E
_DRV_usart_putchar           text11       0003A2
_DRV_usart_rx                text8        0001F8
_DRV_usart_tx                text12       0003BE
_INTCON                      (abs)        000FF2
_INTCON2                     (abs)        000FF1
_INTCON3                     (abs)        000FF0
_INTCONbits                  (abs)        000FF2
_IPR1                        (abs)        000F9F
_IPR2                        (abs)        000FA2
_IPR3                        (abs)        000FA5
_IPR3bits                    (abs)        000FA5
_IPR4                        (abs)        000F7C
_IPR5                        (abs)        000F7F
_LATA4                       (abs)        007C4C
_OSCCON                      (abs)        000FD3
_OSCCON2                     (abs)        000FD2
_OSCTUNE                     (abs)        000F9B
_OSTS                        (abs)        007E9B
_PEIE                        (abs)        007F96
_PIE1                        (abs)        000F9D
_PIE2                        (abs)        000FA0
_PIE3                        (abs)        000FA3
_PIE3bits                    (abs)        000FA3
_PIE4                        (abs)        000F7A
_PIE5                        (abs)        000F7D
_PIR1                        (abs)        000F9E
_PIR1bits                    (abs)        000F9E
_PIR2                        (abs)        000FA1
_PIR2bits                    (abs)        000FA1
_PIR3                        (abs)        000FA4
_PIR3bits                    (abs)        000FA4
_PIR4                        (abs)        000F7B
_PIR5                        (abs)        000F7E
_RCONbits                    (abs)        000FD0
_RCREG2                      (abs)        000F74
_RCSTA2                      (abs)        000F71
_RCSTA2bits                  (abs)        000F71
_SPBRG2                      (abs)        000F75
_SSP1ADD                     (abs)        000FC8
_SSP1BUF                     (abs)        000FC9
_SSP1CON1                    (abs)        000FC6
_SSP1CON1bits                (abs)        000FC6
_SSP1CON2                    (abs)        000FC5
_SSP1CON2bits                (abs)        000FC5
_SSP1STATbits                (abs)        000FC7
_T1CON                       (abs)        000FCD
_T1GCON                      (abs)        000FCC
_T3CON                       (abs)        000FB1
_T3GCON                      (abs)        000FB4
_T5CON                       (abs)        000F4E
_T5GCON                      (abs)        000F4D
_TMR0                        (abs)        000FD6
_TMR0IE                      (abs)        007F95
_TMR0IF                      (abs)        007F92
_TMR1GE                      (abs)        007E67
_TMR3GE                      (abs)        007DA7
_TMR5GE                      (abs)        007A6F
_TRISA4                      (abs)        007C94
_TRISC3                      (abs)        007CA3
_TRISC4                      (abs)        007CA4
_TRISD6                      (abs)        007CAE
_TRISD7                      (abs)        007CAF
_TX2IF                       (abs)        007D24
_TXREG2                      (abs)        000F73
_TXSTA2                      (abs)        000F72
_TXSTA2bits                  (abs)        000F72
_Try                         text1        000416
_WDTCON                      (abs)        000FD1
__CFG_BOREN$OFF              (abs)        000000
__CFG_BORV$190               (abs)        000000
__CFG_CCP2MX$PORTB3          (abs)        000000
__CFG_CCP3MX$PORTB5          (abs)        000000
__CFG_CP0$OFF                (abs)        000000
__CFG_CP1$OFF                (abs)        000000
__CFG_CP2$OFF                (abs)        000000
__CFG_CP3$OFF                (abs)        000000
__CFG_CPB$OFF                (abs)        000000
__CFG_CPD$OFF                (abs)        000000
__CFG_EBTR0$OFF              (abs)        000000
__CFG_EBTR1$OFF              (abs)        000000
__CFG_EBTR2$OFF              (abs)        000000
__CFG_EBTR3$OFF              (abs)        000000
__CFG_EBTRB$OFF              (abs)        000000
__CFG_FCMEN$ON               (abs)        000000
__CFG_FOSC$HSHP              (abs)        000000
__CFG_HFOFST$ON              (abs)        000000
__CFG_IDLOC0$                (abs)        000000
__CFG_IDLOC1$                (abs)        00000A
__CFG_IDLOC2$                (abs)        00000B
__CFG_IDLOC3$                (abs)        00000B
__CFG_IESO$OFF               (abs)        000000
__CFG_LVP$OFF                (abs)        000000
__CFG_MCLRE$EXTMCLR          (abs)        000000
__CFG_P2BMX$PORTD2           (abs)        000000
__CFG_PBADEN$ON              (abs)        000000
__CFG_PLLCFG$OFF             (abs)        000000
__CFG_PRICLKEN$ON            (abs)        000000
__CFG_PWRTEN$OFF             (abs)        000000
__CFG_STVREN$ON              (abs)        000000
__CFG_T3CMX$PORTC0           (abs)        000000
__CFG_WDTEN$SWON             (abs)        000000
__CFG_WDTPS$64               (abs)        000000
__CFG_WRT0$OFF               (abs)        000000
__CFG_WRT1$OFF               (abs)        000000
__CFG_WRT2$OFF               (abs)        000000
__CFG_WRT3$OFF               (abs)        000000
__CFG_WRTB$OFF               (abs)        000000
__CFG_WRTC$OFF               (abs)        000000
__CFG_WRTD$OFF               (abs)        000000
__CFG_XINST$OFF              (abs)        000000
__HRAM                       (abs)        000000
__Habs1                      abs1         000000
__Hbank0                     bank0        000000
__Hbank1                     bank1        000000
__Hbank10                    bank10       000000
__Hbank11                    bank11       000000
__Hbank12                    bank12       000000
__Hbank13                    bank13       000000
__Hbank14                    bank14       000000
__Hbank15                    bank15       000000
__Hbank2                     bank2        000000
__Hbank3                     bank3        000000
__Hbank4                     bank4        000000
__Hbank5                     bank5        000000
__Hbank6                     bank6        000000
__Hbank7                     bank7        000000
__Hbank8                     bank8        000000
__Hbank9                     bank9        000000
__Hbigbss                    bigbss       000000
__Hbigdata                   bigdata      000000
__Hbigram                    bigram       000000
__Hbss                       bss          000000
__HbssBANK0                  bssBANK0     000000
__HbssCOMRAM                 bssCOMRAM    000000
__Hcinit                     cinit        000000
__Hclrtext                   clrtext      000000
__Hcomram                    comram       000000
__Hconfig                    config       30000E
__Hconst                     const        000000
__HcstackBANK0               cstackBANK0  000000
__HcstackCOMRAM              cstackCOMRAM 000000
__Hdata                      data         000000
__Heeprom_data               eeprom_data  000000
__Hend_init                  end_init     0000C0
__Hfarbss                    farbss       000000
__Hfardata                   fardata      000000
__Hibigdata                  ibigdata     000000
__Hidata                     idata        000000
__Hidloc                     idloc        200008
__Hifardata                  ifardata     000000
__Hinit                      init         0000BC
__Hintcode                   intcode      000018
__Hintcode_body              intcode_body 000000
__Hintcodelo                 intcodelo    0000BC
__Hintentry                  intentry     000000
__Hintret                    intret       000000
__Hintsave_regs              intsave_regs 000000
__Hirdata                    irdata       000000
__Hmediumconst               mediumconst  000000
__HnvFARRAM                  nvFARRAM     000000
__Hnvbit                     nvbit        000000
__Hnvrram                    nvrram       000000
__Hparam                     rparam       000000
__Hpowerup                   powerup      0000BC
__Hram                       ram          000000
__Hramtop                    ramtop       001000
__Hrbit                      rbit         000000
__Hrbss                      rbss         000000
__Hrdata                     rdata        000000
__Hreset_vec                 reset_vec    000004
__Hrparam                    rparam       000000
__Hsfr                       sfr          000000
__Hsmallconst                smallconst   000000
__Hspace_0                   (abs)        30000E
__Hspace_1                   (abs)        000085
__Hspace_2                   (abs)        000000
__Hstack                     stack        000000
__Hstruct                    struct       000000
__Htemp                      temp         000000
__Htext                      text         000000
__Htext0                     text0        000000
__Htext1                     text1        000000
__Htext10                    text10       000000
__Htext11                    text11       000000
__Htext12                    text12       000000
__Htext2                     text2        000000
__Htext3                     text3        000000
__Htext4                     text4        000000
__Htext5                     text5        000000
__Htext6                     text6        000000
__Htext8                     text8        000000
__Htext9                     text9        000000
__LRAM                       (abs)        000001
__Labs1                      abs1         000000
__Lbank0                     bank0        000000
__Lbank1                     bank1        000000
__Lbank10                    bank10       000000
__Lbank11                    bank11       000000
__Lbank12                    bank12       000000
__Lbank13                    bank13       000000
__Lbank14                    bank14       000000
__Lbank15                    bank15       000000
__Lbank2                     bank2        000000
__Lbank3                     bank3        000000
__Lbank4                     bank4        000000
__Lbank5                     bank5        000000
__Lbank6                     bank6        000000
__Lbank7                     bank7        000000
__Lbank8                     bank8        000000
__Lbank9                     bank9        000000
__Lbigbss                    bigbss       000000
__Lbigdata                   bigdata      000000
__Lbigram                    bigram       000000
__Lbss                       bss          000000
__LbssBANK0                  bssBANK0     000000
__LbssCOMRAM                 bssCOMRAM    000000
__Lcinit                     cinit        000000
__Lclrtext                   clrtext      000000
__Lcomram                    comram       000000
__Lconfig                    config       300000
__Lconst                     const        000000
__LcstackBANK0               cstackBANK0  000000
__LcstackCOMRAM              cstackCOMRAM 000000
__Ldata                      data         000000
__Leeprom_data               eeprom_data  000000
__Lend_init                  end_init     0000BC
__Lfarbss                    farbss       000000
__Lfardata                   fardata      000000
__Libigdata                  ibigdata     000000
__Lidata                     idata        000000
__Lidloc                     idloc        200000
__Lifardata                  ifardata     000000
__Linit                      init         0000BC
__Lintcode                   intcode      000008
__Lintcode_body              intcode_body 000000
__Lintcodelo                 intcodelo    000018
__Lintentry                  intentry     000000
__Lintret                    intret       000000
__Lintsave_regs              intsave_regs 000000
__Lirdata                    irdata       000000
__Lmediumconst               mediumconst  000000
__LnvFARRAM                  nvFARRAM     000000
__Lnvbit                     nvbit        000000
__Lnvrram                    nvrram       000000
__Lparam                     rparam       000000
__Lpowerup                   powerup      0000BC
__Lram                       ram          000000
__Lramtop                    ramtop       001000
__Lrbit                      rbit         000000
__Lrbss                      rbss         000000
__Lrdata                     rdata        000000
__Lreset_vec                 reset_vec    000000
__Lrparam                    rparam       000000
__Lsfr                       sfr          000000
__Lsmallconst                smallconst   000000
__Lspace_0                   (abs)        000000
__Lspace_1                   (abs)        000000
__Lspace_2                   (abs)        000000
__Lstack                     stack        000000
__Lstruct                    struct       000000
__Ltemp                      temp         000000
__Ltext                      text         000000
__Ltext0                     text0        000000
__Ltext1                     text1        000000
__Ltext10                    text10       000000
__Ltext11                    text11       000000
__Ltext12                    text12       000000
__Ltext2                     text2        000000
__Ltext3                     text3        000000
__Ltext4                     text4        000000
__Ltext5                     text5        000000
__Ltext6                     text6        000000
__Ltext8                     text8        000000
__Ltext9                     text9        000000
__S0                         (abs)        30000E
__S1                         (abs)        000085
__S2                         (abs)        000000
___inthi_sp                  stack        000000
___intlo_sp                  stack        000000
___param_bank                (abs)        000010
___rparam_used               (abs)        000001
___sp                        stack        000000
__accesstop                  (abs)        000060
__activetblptr               (abs)        000002
__end_of_DRV_I2C_init        text6        0003A2
__end_of_DRV_init            text2        000384
__end_of_DRV_isr_init        text5        0002DC
__end_of_DRV_osc_init        text4        000406
__end_of_DRV_usart_init      text3        000342
__end_of_DRV_usart_putchar   text11       0003BE
__end_of_DRV_usart_rx        text8        000290
__end_of_DRV_usart_tx        text12       0003DA
__end_of_Try                 text1        000418
__end_of__initialization     cinit        00035A
__end_of__is_digit           text10       0003F2
__end_of__is_valid_letter    text9        00031E
__end_of_high_isr            intcode_body 0001F8
__end_of_low_isr             intcodelo    0000BC
__end_of_main                text0        000416
__initialization             cinit        000342
__is_digit                   text10       0003DA
__is_digit@data              cstackCOMRAM 00004B
__is_valid_letter            text9        0002DC
__is_valid_letter@data       cstackCOMRAM 00004B
__mediumconst                mediumconst  000000
__pbssBANK0                  bssBANK0     000060
__pbssCOMRAM                 bssCOMRAM    000001
__pcinit                     cinit        000342
__pcstackBANK0               cstackBANK0  000074
__pcstackCOMRAM              cstackCOMRAM 00003D
__pintcode                   intcode      000008
__pintcode_body              intcode_body 0000C0
__pintcodelo                 intcodelo    000018
__ptext0                     text0        000406
__ptext1                     text1        000416
__ptext10                    text10       0003DA
__ptext11                    text11       0003A2
__ptext12                    text12       0003BE
__ptext2                     text2        000364
__ptext3                     text3        00031E
__ptext4                     text4        0003F2
__ptext5                     text5        000290
__ptext6                     text6        000384
__ptext8                     text8        0001F8
__ptext9                     text9        0002DC
__ramtop                     ramtop       001000
__size_of_DRV_I2C_init       (abs)        000000
__size_of_DRV_init           (abs)        000000
__size_of_DRV_isr_init       (abs)        000000
__size_of_DRV_osc_init       (abs)        000000
__size_of_DRV_usart_init     (abs)        000000
__size_of_DRV_usart_putchar  (abs)        000000
__size_of_DRV_usart_rx       (abs)        000000
__size_of_DRV_usart_tx       (abs)        000000
__size_of_Try                (abs)        000000
__size_of__is_digit          (abs)        000000
__size_of__is_valid_letter   (abs)        000000
__size_of_high_isr           (abs)        000000
__size_of_low_isr            (abs)        000000
__size_of_main               (abs)        000000
__smallconst                 smallconst   000000
_ab_received_buf             bssCOMRAM    000001
_calib_acc_x                 bssCOMRAM    000009
_calib_acc_y                 bssCOMRAM    00000B
_calib_acc_z                 bssCOMRAM    00000D
_device                      bssCOMRAM    00002F
_flag_18ms                   bssCOMRAM    000027
_flag_1ms                    bssCOMRAM    000028
_flag_motor_control          bssCOMRAM    000029
_flag_motor_control_rest_TMR bssCOMRAM    00002A
_high_isr                    intcode      000008
_low_isr                     intcodelo    000018
_main                        text0        000406
_off_acc_x                   bssCOMRAM    00000F
_off_acc_y                   bssCOMRAM    000011
_off_acc_z                   bssCOMRAM    000013
_sci_rx_flag                 bssCOMRAM    00002B
_serial_in_buf               bssBANK0     000060
_temp_var3                   bssCOMRAM    000015
_temp_var6                   bssCOMRAM    000017
_temp_var9                   bssCOMRAM    000019
_tmr_of_cnt                  bssCOMRAM    00002C
_tmr_of_max                  bssCOMRAM    00002D
_uart_rx_cnt                 bssCOMRAM    00002E
_var1                        bssCOMRAM    000030
_var10                       bssCOMRAM    000031
_var11                       bssCOMRAM    000032
_var12                       bssCOMRAM    00001B
_var13                       bssCOMRAM    000033
_var15                       bssCOMRAM    000034
_var16                       bssCOMRAM    000035
_var17                       bssCOMRAM    00001D
_var18                       bssCOMRAM    000036
_var19                       bssCOMRAM    000037
_var2                        bssCOMRAM    000038
_var20                       bssCOMRAM    00001F
_var3                        bssCOMRAM    000021
_var4                        bssCOMRAM    000039
_var5                        bssCOMRAM    00003A
_var6                        bssCOMRAM    000023
_var7                        bssCOMRAM    00003B
_var8                        bssCOMRAM    00003C
_var9                        bssCOMRAM    000025
end_of_initialization        cinit        00035A
int_func                     intcode_body 0000C0
intlevel0                    text         000000
intlevel1                    text         000000
intlevel2                    text         000000
intlevel3                    text         000000
low_isr@rec_char             cstackCOMRAM 00004E
stackhi                      (abs)        000F37
stacklo                      (abs)        000085
start                        init         0000BC
start_initialization         cinit        000342


FUNCTION INFORMATION:

 *************** function _main *****************
 Defined at:
		line 20 in file "main.c"
 Parameters:    Size  Location     Type
		None
 Auto vars:     Size  Location     Type
		None
 Return value:  Size  Location     Type
		None               void
 Registers used:
		wreg, status,2, cstack
 Tracked objects:
		On entry : 
		On exit  : 
		Unchanged: 
 Data sizes:     COMRAM   BANK0   BANK1   BANK2   BANK3   BANK4   BANK5   BANK6   BANK7   BANK8   BANK9  BANK10  BANK11  BANK12  BANK13  BANK14  BANK15
      Params:         0       0       0       0       0       0       0       0       0       0       0       0       0       0       0       0       0
      Locals:         0       0       0       0       0       0       0       0       0       0       0       0       0       0       0       0       0
      Temps:          0       0       0       0       0       0       0       0       0       0       0       0       0       0       0       0       0
      Totals:         0       0       0       0       0       0       0       0       0       0       0       0       0       0       0       0       0
Total ram usage:        0 bytes
 Hardware stack levels required when called:    7
 This function calls:
		_DRV_init
		_Try
 This function is called by:
		Startup code after reset
 This function uses a non-reentrant model


 *************** function _Try *****************
 Defined at:
		line 24 in file "try.c"
 Parameters:    Size  Location     Type
		None
 Auto vars:     Size  Location     Type
		None
 Return value:  Size  Location     Type
                  2  613[None  ] int 
 Registers used:
		None
 Tracked objects:
		On entry : 
		On exit  : 
		Unchanged: 
 Data sizes:     COMRAM   BANK0   BANK1   BANK2   BANK3   BANK4   BANK5   BANK6   BANK7   BANK8   BANK9  BANK10  BANK11  BANK12  BANK13  BANK14  BANK15
      Params:         0       0       0       0       0       0       0       0       0       0       0       0       0       0       0       0       0
      Locals:         0       0       0       0       0       0       0       0       0       0       0       0       0       0       0       0       0
      Temps:          0       0       0       0       0       0       0       0       0       0       0       0       0       0       0       0       0
      Totals:         0       0       0       0       0       0       0       0       0       0       0       0       0       0       0       0       0
Total ram usage:        0 bytes
 Hardware stack levels used:    1
 Hardware stack levels required when called:    5
 This function calls:
		Nothing
 This function is called by:
		_main
 This function uses a non-reentrant model


 *************** function _DRV_init *****************
 Defined at:
		line 30 in file "lib_api.c"
 Parameters:    Size  Location     Type
		None
 Auto vars:     Size  Location     Type
		None
 Return value:  Size  Location     Type
		None               void
 Registers used:
		wreg, status,2, cstack
 Tracked objects:
		On entry : 
		On exit  : 
		Unchanged: 
 Data sizes:     COMRAM   BANK0   BANK1   BANK2   BANK3   BANK4   BANK5   BANK6   BANK7   BANK8   BANK9  BANK10  BANK11  BANK12  BANK13  BANK14  BANK15
      Params:         0       0       0       0       0       0       0       0       0       0       0       0       0       0       0       0       0
      Locals:         0       0       0       0       0       0       0       0       0       0       0       0       0       0       0       0       0
      Temps:          0       0       0       0       0       0       0       0       0       0       0       0       0       0       0       0       0
      Totals:         0       0       0       0       0       0       0       0       0       0       0       0       0       0       0       0       0
Total ram usage:        0 bytes
 Hardware stack levels used:    1
 Hardware stack levels required when called:    6
 This function calls:
		_DRV_I2C_init
		_DRV_isr_init
		_DRV_osc_init
		_DRV_usart_init
 This function is called by:
		_main
 This function uses a non-reentrant model


 *************** function _DRV_usart_init *****************
 Defined at:
		line 27 in file "drv_usart.c"
 Parameters:    Size  Location     Type
		None
 Auto vars:     Size  Location     Type
		None
 Return value:  Size  Location     Type
		None               void
 Registers used:
		wreg, status,2
 Tracked objects:
		On entry : 
		On exit  : 
		Unchanged: 
 Data sizes:     COMRAM   BANK0   BANK1   BANK2   BANK3   BANK4   BANK5   BANK6   BANK7   BANK8   BANK9  BANK10  BANK11  BANK12  BANK13  BANK14  BANK15
      Params:         0       0       0       0       0       0       0       0       0       0       0       0       0       0       0       0       0
      Locals:         0       0       0       0       0       0       0       0       0       0       0       0       0       0       0       0       0
      Temps:          0       0       0       0       0       0       0       0       0       0       0       0       0       0       0       0       0
      Totals:         0       0       0       0       0       0       0       0       0       0       0       0       0       0       0       0       0
Total ram usage:        0 bytes
 Hardware stack levels used:    1
 Hardware stack levels required when called:    5
 This function calls:
		Nothing
 This function is called by:
		_DRV_init
 This function uses a non-reentrant model


 *************** function _DRV_osc_init *****************
 Defined at:
		line 32 in file "drv_osc.c"
 Parameters:    Size  Location     Type
		None
 Auto vars:     Size  Location     Type
		None
 Return value:  Size  Location     Type
		None               void
 Registers used:
		wreg, status,2
 Tracked objects:
		On entry : 
		On exit  : 
		Unchanged: 
 Data sizes:     COMRAM   BANK0   BANK1   BANK2   BANK3   BANK4   BANK5   BANK6   BANK7   BANK8   BANK9  BANK10  BANK11  BANK12  BANK13  BANK14  BANK15
      Params:         0       0       0       0       0       0       0       0       0       0       0       0       0       0       0       0       0
      Locals:         0       0       0       0       0       0       0       0       0       0       0       0       0       0       0       0       0
      Temps:          0       0       0       0       0       0       0       0       0       0       0       0       0       0       0       0       0
      Totals:         0       0       0       0       0       0       0       0       0       0       0       0       0       0       0       0       0
Total ram usage:        0 bytes
 Hardware stack levels used:    1
 Hardware stack levels required when called:    5
 This function calls:
		Nothing
 This function is called by:
		_DRV_init
 This function uses a non-reentrant model


 *************** function _DRV_isr_init *****************
 Defined at:
		line 32 in file "drv_isr.c"
 Parameters:    Size  Location     Type
		None
 Auto vars:     Size  Location     Type
		None
 Return value:  Size  Location     Type
		None               void
 Registers used:
		wreg, status,2
 Tracked objects:
		On entry : 
		On exit  : 
		Unchanged: 
 Data sizes:     COMRAM   BANK0   BANK1   BANK2   BANK3   BANK4   BANK5   BANK6   BANK7   BANK8   BANK9  BANK10  BANK11  BANK12  BANK13  BANK14  BANK15
      Params:         0       0       0       0       0       0       0       0       0       0       0       0       0       0       0       0       0
      Locals:         0       0       0       0       0       0       0       0       0       0       0       0       0       0       0       0       0
      Temps:          0       0       0       0       0       0       0       0       0       0       0       0       0       0       0       0       0
      Totals:         0       0       0       0       0       0       0       0       0       0       0       0       0       0       0       0       0
Total ram usage:        0 bytes
 Hardware stack levels used:    1
 Hardware stack levels required when called:    5
 This function calls:
		Nothing
 This function is called by:
		_DRV_init
 This function uses a non-reentrant model


 *************** function _DRV_I2C_init *****************
 Defined at:
		line 15 in file "drv_I2C.c"
 Parameters:    Size  Location     Type
		None
 Auto vars:     Size  Location     Type
		None
 Return value:  Size  Location     Type
		None               void
 Registers used:
		wreg, status,2
 Tracked objects:
		On entry : 
		On exit  : 
		Unchanged: 
 Data sizes:     COMRAM   BANK0   BANK1   BANK2   BANK3   BANK4   BANK5   BANK6   BANK7   BANK8   BANK9  BANK10  BANK11  BANK12  BANK13  BANK14  BANK15
      Params:         0       0       0       0       0       0       0       0       0       0       0       0       0       0       0       0       0
      Locals:         0       0       0       0       0       0       0       0       0       0       0       0       0       0       0       0       0
      Temps:          0       0       0       0       0       0       0       0       0       0       0       0       0       0       0       0       0
      Totals:         0       0       0       0       0       0       0       0       0       0       0       0       0       0       0       0       0
Total ram usage:        0 bytes
 Hardware stack levels used:    1
 Hardware stack levels required when called:    5
 This function calls:
		Nothing
 This function is called by:
		_DRV_init
 This function uses a non-reentrant model


 *************** function _low_isr *****************
 Defined at:
		line 335 in file "drv_isr.c"
 Parameters:    Size  Location     Type
		None
 Auto vars:     Size  Location     Type
  rec_char        1   17[COMRAM] unsigned char 
 Return value:  Size  Location     Type
		None               void
 Registers used:
		wreg, fsr2l, fsr2h, status,2, status,0, prodl, prodh, cstack
 Tracked objects:
		On entry : 
		On exit  : 
		Unchanged: 
 Data sizes:     COMRAM   BANK0   BANK1   BANK2   BANK3   BANK4   BANK5   BANK6   BANK7   BANK8   BANK9  BANK10  BANK11  BANK12  BANK13  BANK14  BANK15
      Params:         0       0       0       0       0       0       0       0       0       0       0       0       0       0       0       0       0
      Locals:         1       0       0       0       0       0       0       0       0       0       0       0       0       0       0       0       0
      Temps:          0      17       0       0       0       0       0       0       0       0       0       0       0       0       0       0       0
      Totals:         1      17       0       0       0       0       0       0       0       0       0       0       0       0       0       0       0
Total ram usage:       18 bytes
 Hardware stack levels used:    1
 Hardware stack levels required when called:    4
 This function calls:
		_DRV_usart_rx
 This function is called by:
		Interrupt level 1
 This function uses a non-reentrant model


 *************** function _DRV_usart_rx *****************
 Defined at:
		line 393 in file "drv_usart.c"
 Parameters:    Size  Location     Type
  data            1    wreg     unsigned char 
 Auto vars:     Size  Location     Type
  data            1   16[COMRAM] unsigned char 
 Return value:  Size  Location     Type
		None               void
 Registers used:
		wreg, fsr2l, fsr2h, status,2, status,0, prodl, prodh, cstack
 Tracked objects:
		On entry : 
		On exit  : 
		Unchanged: 
 Data sizes:     COMRAM   BANK0   BANK1   BANK2   BANK3   BANK4   BANK5   BANK6   BANK7   BANK8   BANK9  BANK10  BANK11  BANK12  BANK13  BANK14  BANK15
      Params:         0       0       0       0       0       0       0       0       0       0       0       0       0       0       0       0       0
      Locals:         1       0       0       0       0       0       0       0       0       0       0       0       0       0       0       0       0
      Temps:          0       0       0       0       0       0       0       0       0       0       0       0       0       0       0       0       0
      Totals:         1       0       0       0       0       0       0       0       0       0       0       0       0       0       0       0       0
Total ram usage:        1 bytes
 Hardware stack levels used:    1
 Hardware stack levels required when called:    3
 This function calls:
		_DRV_usart_putchar
		__is_digit
		__is_valid_letter
 This function is called by:
		_low_isr
 This function uses a non-reentrant model


 *************** function __is_valid_letter *****************
 Defined at:
		line 368 in file "drv_usart.c"
 Parameters:    Size  Location     Type
  data            1    wreg     unsigned char 
 Auto vars:     Size  Location     Type
  data            1   14[COMRAM] unsigned char 
 Return value:  Size  Location     Type
                  1    wreg      unsigned char 
 Registers used:
		wreg, status,2, status,0
 Tracked objects:
		On entry : 
		On exit  : 
		Unchanged: 
 Data sizes:     COMRAM   BANK0   BANK1   BANK2   BANK3   BANK4   BANK5   BANK6   BANK7   BANK8   BANK9  BANK10  BANK11  BANK12  BANK13  BANK14  BANK15
      Params:         0       0       0       0       0       0       0       0       0       0       0       0       0       0       0       0       0
      Locals:         1       0       0       0       0       0       0       0       0       0       0       0       0       0       0       0       0
      Temps:          0       0       0       0       0       0       0       0       0       0       0       0       0       0       0       0       0
      Totals:         1       0       0       0       0       0       0       0       0       0       0       0       0       0       0       0       0
Total ram usage:        1 bytes
 Hardware stack levels used:    1
 Hardware stack levels required when called:    1
 This function calls:
		Nothing
 This function is called by:
		_DRV_usart_rx
 This function uses a non-reentrant model


 *************** function __is_digit *****************
 Defined at:
		line 350 in file "drv_usart.c"
 Parameters:    Size  Location     Type
  data            1    wreg     unsigned char 
 Auto vars:     Size  Location     Type
  data            1   14[COMRAM] unsigned char 
 Return value:  Size  Location     Type
                  1    wreg      unsigned char 
 Registers used:
		wreg, status,2, status,0
 Tracked objects:
		On entry : 
		On exit  : 
		Unchanged: 
 Data sizes:     COMRAM   BANK0   BANK1   BANK2   BANK3   BANK4   BANK5   BANK6   BANK7   BANK8   BANK9  BANK10  BANK11  BANK12  BANK13  BANK14  BANK15
      Params:         0       0       0       0       0       0       0       0       0       0       0       0       0       0       0       0       0
      Locals:         1       0       0       0       0       0       0       0       0       0       0       0       0       0       0       0       0
      Temps:          0       0       0       0       0       0       0       0       0       0       0       0       0       0       0       0       0
      Totals:         1       0       0       0       0       0       0       0       0       0       0       0       0       0       0       0       0
Total ram usage:        1 bytes
 Hardware stack levels used:    1
 Hardware stack levels required when called:    1
 This function calls:
		Nothing
 This function is called by:
		_DRV_usart_rx
 This function uses a non-reentrant model


 *************** function _DRV_usart_putchar *****************
 Defined at:
		line 333 in file "drv_usart.c"
 Parameters:    Size  Location     Type
  c               1    wreg     unsigned char 
 Auto vars:     Size  Location     Type
  c               1   15[COMRAM] unsigned char 
 Return value:  Size  Location     Type
		None               void
 Registers used:
		wreg, status,2, status,0, cstack
 Tracked objects:
		On entry : 
		On exit  : 
		Unchanged: 
 Data sizes:     COMRAM   BANK0   BANK1   BANK2   BANK3   BANK4   BANK5   BANK6   BANK7   BANK8   BANK9  BANK10  BANK11  BANK12  BANK13  BANK14  BANK15
      Params:         0       0       0       0       0       0       0       0       0       0       0       0       0       0       0       0       0
      Locals:         1       0       0       0       0       0       0       0       0       0       0       0       0       0       0       0       0
      Temps:          0       0       0       0       0       0       0       0       0       0       0       0       0       0       0       0       0
      Totals:         1       0       0       0       0       0       0       0       0       0       0       0       0       0       0       0       0
Total ram usage:        1 bytes
 Hardware stack levels used:    1
 Hardware stack levels required when called:    2
 This function calls:
		_DRV_usart_tx
 This function is called by:
		_DRV_usart_rx
		__convert_value
		_rprintf
 This function uses a non-reentrant model


 *************** function _DRV_usart_tx *****************
 Defined at:
		line 311 in file "drv_usart.c"
 Parameters:    Size  Location     Type
  msg             1    wreg     unsigned char 
 Auto vars:     Size  Location     Type
  msg             1   14[COMRAM] unsigned char 
 Return value:  Size  Location     Type
		None               void
 Registers used:
		wreg
 Tracked objects:
		On entry : 
		On exit  : 
		Unchanged: 
 Data sizes:     COMRAM   BANK0   BANK1   BANK2   BANK3   BANK4   BANK5   BANK6   BANK7   BANK8   BANK9  BANK10  BANK11  BANK12  BANK13  BANK14  BANK15
      Params:         0       0       0       0       0       0       0       0       0       0       0       0       0       0       0       0       0
      Locals:         1       0       0       0       0       0       0       0       0       0       0       0       0       0       0       0       0
      Temps:          0       0       0       0       0       0       0       0       0       0       0       0       0       0       0       0       0
      Totals:         1       0       0       0       0       0       0       0       0       0       0       0       0       0       0       0       0
Total ram usage:        1 bytes
 Hardware stack levels used:    1
 Hardware stack levels required when called:    1
 This function calls:
		Nothing
 This function is called by:
		_DRV_usart_putchar
 This function uses a non-reentrant model


 *************** function _high_isr *****************
 Defined at:
		line 363 in file "drv_isr.c"
 Parameters:    Size  Location     Type
		None
 Auto vars:     Size  Location     Type
		None
 Return value:  Size  Location     Type
		None               void
 Registers used:
		wreg, status,2, status,0
 Tracked objects:
		On entry : 
		On exit  : 
		Unchanged: 
 Data sizes:     COMRAM   BANK0   BANK1   BANK2   BANK3   BANK4   BANK5   BANK6   BANK7   BANK8   BANK9  BANK10  BANK11  BANK12  BANK13  BANK14  BANK15
      Params:         0       0       0       0       0       0       0       0       0       0       0       0       0       0       0       0       0
      Locals:         0       0       0       0       0       0       0       0       0       0       0       0       0       0       0       0       0
      Temps:         14       0       0       0       0       0       0       0       0       0       0       0       0       0       0       0       0
      Totals:        14       0       0       0       0       0       0       0       0       0       0       0       0       0       0       0       0
Total ram usage:       14 bytes
 Hardware stack levels used:    1
 This function calls:
		Nothing
 This function is called by:
		Interrupt level 2
 This function uses a non-reentrant model



MODULE INFORMATION

Module		Function		Class		Link	Load	Size
drv_osc.c
		_DRV_osc_init  		CODE           	03F2	0000	21

drv_osc.c estimated size: 21

lib_api.c
		_DRV_init      		CODE           	0364	0000	33

lib_api.c estimated size: 33

shared
		__initializatio		CODE           	0342	0000	25

shared estimated size: 25

drv_I2C.c
		_DRV_I2C_init  		CODE           	0384	0000	31

drv_I2C.c estimated size: 31

try.c
		_Try           		CODE           	0416	0000	3

try.c estimated size: 3

drv_usart.c
		_DRV_usart_init		CODE           	031E	0000	37
		_DRV_usart_putc		CODE           	03A2	0000	29
		__is_valid_lett		CODE           	02DC	0000	67
		__is_digit     		CODE           	03DA	0000	25
		_DRV_usart_rx  		CODE           	01F8	0000	153
		_DRV_usart_tx  		CODE           	03BE	0000	29

drv_usart.c estimated size: 340

main.c
		_main          		CODE           	0406	0000	17

main.c estimated size: 17

drv_isr.c
		_high_isr      		CODE           	0008	0000	329
		_DRV_isr_init  		CODE           	0290	0000	77
		_low_isr       		CODE           	0018	0000	165

drv_isr.c estimated size: 571

